[2025-11-04 23:47:00] [RUN] git checkout main
[2025-11-04 23:47:00] error: The following untracked working tree files would be removed by checkout:
[2025-11-04 23:47:00] 	sync.log
[2025-11-04 23:47:00] Please move or remove them before you switch branches.
[2025-11-04 23:47:00] Aborting
[2025-11-04 23:47:01] [RUN] git pull origin main
[2025-11-04 23:47:01] error: cannot pull with rebase: Your index contains uncommitted changes.
[2025-11-04 23:47:01] error: Please commit or stash them.
👋 Exiting script as requested.
[2025-11-08 22:27:29] [RUN] git checkout main
[2025-11-08 22:27:29] error: The following untracked working tree files would be removed by checkout:
[2025-11-08 22:27:29] 	sync.log
[2025-11-08 22:27:29] Please move or remove them before you switch branches.
[2025-11-08 22:27:29] Aborting
[2025-11-08 22:27:31] [RUN] git pull origin main
[2025-11-08 22:27:31] error: cannot pull with rebase: Your index contains uncommitted changes.
[2025-11-08 22:27:31] error: Please commit or stash them.
👋 Exiting script as requested.
[2025-11-08 23:17:53] [RUN] git checkout main
[2025-11-08 23:17:53] error: The following untracked working tree files would be removed by checkout:
[2025-11-08 23:17:53] 	sync.log
[2025-11-08 23:17:53] Please move or remove them before you switch branches.
[2025-11-08 23:17:53] Aborting
[2025-11-08 23:17:54] [RUN] git pull origin main
[2025-11-08 23:17:54] error: cannot pull with rebase: Your index contains uncommitted changes.
[2025-11-08 23:17:54] error: Please commit or stash them.
👋 Exiting script as requested.
[2025-11-10 15:42:30] [RUN] git checkout main
[2025-11-10 15:42:30] error: Your local changes to the following files would be overwritten by checkout:
[2025-11-10 15:42:30] 	training/training.ipynb
[2025-11-10 15:42:30] Please commit your changes or stash them before you switch branches.
[2025-11-10 15:42:30] error: The following untracked working tree files would be removed by checkout:
[2025-11-10 15:42:30] 	sync.log
[2025-11-10 15:42:30] Please move or remove them before you switch branches.
[2025-11-10 15:42:30] Aborting
[2025-11-10 15:42:32] [RUN] git pull origin main
[2025-11-10 15:42:32] error: cannot pull with rebase: You have unstaged changes.
[2025-11-10 15:42:32] error: additionally, your index contains uncommitted changes.
[2025-11-10 15:42:32] error: Please commit or stash them.
[2025-11-10 15:43:43] [RUN] git checkout -b Connection_with_FastAPI
[2025-11-10 15:43:43] Switched to a new branch 'Connection_with_FastAPI'
🔄 Syncing 'Connection_with_FastAPI' with latest main...
[2025-11-10 15:43:43] [RUN] git fetch origin
[2025-11-10 15:43:43] From https://github.com/MuzahidurSaim/Group-4
[2025-11-10 15:43:43]    5539772..d71cca5  main       -> origin/main
[2025-11-10 15:43:59] [RUN] git merge origin/main
[2025-11-10 15:43:59] Updating 63ee160..d71cca5
[2025-11-10 15:43:59] Fast-forward
[2025-11-10 15:44:00] [RUN] git status
[2025-11-10 15:44:00] On branch Connection_with_FastAPI
[2025-11-10 15:44:00] Changes to be committed:
[2025-11-10 15:44:00]   (use "git restore --staged <file>..." to unstage)
[2025-11-10 15:44:00] 	new file:   api/main.py
[2025-11-10 15:44:00] 	new file:   api/requirements.txt
[2025-11-10 15:44:00] 	new file:   frontend/.env
[2025-11-10 15:44:00] 	new file:   frontend/.gitignore
[2025-11-10 15:44:00] 	new file:   frontend/README.md
[2025-11-10 15:44:00] 	new file:   frontend/package-lock.json
[2025-11-10 15:44:00] 	new file:   frontend/package.json
[2025-11-10 15:44:00] 	new file:   frontend/public/favicon.ico
[2025-11-10 15:44:00] 	new file:   frontend/public/index.html
[2025-11-10 15:44:00] 	new file:   frontend/public/logo192.png
[2025-11-10 15:44:00] 	new file:   frontend/public/logo512.png
[2025-11-10 15:44:00] 	new file:   frontend/public/manifest.json
[2025-11-10 15:44:00] 	new file:   frontend/src/App.js
[2025-11-10 15:44:00] 	new file:   frontend/src/background.jpg
[2025-11-10 15:44:00] 	new file:   frontend/src/home.js
[2025-11-10 15:44:00] 	new file:   frontend/src/index.css
[2025-11-10 15:44:00] 	new file:   frontend/src/index.js
[2025-11-10 15:44:00] 	new file:   frontend/src/logo.png
[2025-11-10 15:44:00] 	new file:   frontend/src/reportWebVitals.js
[2025-11-10 15:44:00] 	new file:   saved_models/2.keras
[2025-11-10 15:44:00] 	deleted:    sync.log
[2025-11-10 15:44:00] 
[2025-11-10 15:44:00] Changes not staged for commit:
[2025-11-10 15:44:00]   (use "git add <file>..." to update what will be committed)
[2025-11-10 15:44:00]   (use "git restore <file>..." to discard changes in working directory)
[2025-11-10 15:44:00] 	modified:   training/training.ipynb
[2025-11-10 15:44:00] 
[2025-11-10 15:44:00] Untracked files:
[2025-11-10 15:44:00]   (use "git add <file>..." to include in what will be committed)
[2025-11-10 15:44:00] 	sync.log
[2025-11-10 15:44:00] 
[2025-11-10 15:44:06] [RUN] git add .
